// Jest Snapshot v1, https://goo.gl/fbAQLP

exports[`renders correctly 1`] = `
<View
  style={
    Array [
      Object {
        "backgroundColor": "#fff",
      },
      Object {
        "alignItems": "center",
        "flex": 1,
        "flexDirection": "row",
        "justifyContent": "space-between",
        "marginBottom": 25,
        "paddingRight": 5,
      },
    ]
  }
>
  <View
    style={
      Array [
        Object {
          "backgroundColor": "#fff",
        },
        Object {
          "alignItems": "center",
          "flexDirection": "row",
        },
      ]
    }
  >
    <Image
      source={
        Object {
          "uri": Object {
            "height": 200,
            "url": "https://via.placeholder.com/150.png",
            "width": 200,
          },
        }
      }
      style={
        Object {
          "borderRadius": 10,
          "height": 40,
          "marginRight": 15,
          "width": 40,
        }
      }
    />
    <Text
      style={
        Array [
          Object {
            "color": "#212227",
          },
          Object {
            "fontFamily": "sf-pro-regular",
            "fontSize": 16,
          },
        ]
      }
    >
      Test Cat
    </Text>
  </View>
  <View
    accessible={true}
    collapsable={false}
    focusable={true}
    onBlur={[Function]}
    onClick={[Function]}
    onFocus={[Function]}
    onResponderGrant={[Function]}
    onResponderMove={[Function]}
    onResponderRelease={[Function]}
    onResponderTerminate={[Function]}
    onResponderTerminationRequest={[Function]}
    onStartShouldSetResponder={[Function]}
  >
    <Text />
  </View>
</View>
`;
